..Logging in as registered user...
✓ Logged in as registered user
.Clearing all items from cart...
Clicking Remove for item 1...
✓ Confirmed removal for item 1
Clicking Remove for item 2...
Clicking Remove for item 3...
✓ Confirmed removal for item 3
No more items to remove
✓ Cart cleared
.Navigating to PLP...
✓ On Product Listing Page
.Setting delivery address: 1119 Co Rd 130, Riceville, TN
⭐⭐⭐ STARTING addAddressLocation method ⭐⭐⭐
Address search query: 1119 Co Rd 130, Riceville, TN
1. Looking for delivery dialog trigger...
✓ Add Address button visible, clicking...
2. Entering address in location field...
✓ Typed address: 1119 Co Rd 130, Riceville, TN
3. Waiting for autocomplete suggestions...
No autocomplete dropdown visible, pressing Enter and waiting...
4. Clicking Confirm button...
✓ Confirm button clicked
5. Waiting for dialog to close and prices to load...
✓ Dialog closed
✓ COMPLETED addAddressLocation
✓ Delivery address set
.Hovering over cart icon on first product tile...
✓ Hovering over cart icon
.Clicking Add to Cart on first product tile...
Found Add to Cart button with: button:has-text("Add to Cart")
Waiting for page to process Add to Cart...
Waiting for cart slider to appear...
Cart slider appeared (found: .MuiDrawer-root)
✓ Clicked Add to Cart on first product
.Clicking "View Cart" button in slider...
Slider visible: true
Selector ".MuiDrawer-root a:has-text("View Cart")" found 1 elements
✓ Clicked "View Cart" with: .MuiDrawer-root a:has-text("View Cart")
.Verifying on Cart page...
✓ On Cart page
.Checking for Order Summary section on Cart page...
✓ Found Order Summary with selector: text="Order Summary"
✓ Order Summary section visible
.Checking for Subtotal...
✓ Subtotal visible
.Checking for Estimated Total...
✓ Estimated Total visible
.Clicking on quantity to open slider...
✓ Clicked quantity with selector: button:has-text("Tons")
.Checking if quantity selector slider opened...
✓ Quantity selector found with: text="Select Quantity"
✓ Quantity selector slider opened
.Checking for preset quantity options...
✓ Found preset option: 5 Tons
✓ Found preset option: 10 Tons
✓ Found preset option: 100 Tons
✓ Preset quantity options checked
.Checking for "Enter Custom Quantity" field...
Screenshot logged
F-----...Logging in as registered user...
✓ Logged in as registered user
.Clearing all items from cart...
Clicking Remove for item 1...
✓ Confirmed removal for item 1
No more items to remove
✓ Cart cleared
.Navigating to PLP...
✓ On Product Listing Page
.Setting delivery address: 1119 Co Rd 130, Riceville, TN
⭐⭐⭐ STARTING addAddressLocation method ⭐⭐⭐
Address search query: 1119 Co Rd 130, Riceville, TN
1. Looking for delivery dialog trigger...
✓ Add Address button visible, clicking...
2. Entering address in location field...
✓ Typed address: 1119 Co Rd 130, Riceville, TN
3. Waiting for autocomplete suggestions...
No autocomplete dropdown visible, pressing Enter and waiting...
4. Clicking Confirm button...
✓ Confirm button clicked
5. Waiting for dialog to close and prices to load...
✓ Dialog closed
✓ COMPLETED addAddressLocation
✓ Delivery address set
.Hovering over cart icon on first product tile...
✓ Hovering over cart icon
.Clicking Add to Cart on first product tile...
Found Add to Cart button with: button:has-text("Add to Cart")
Waiting for page to process Add to Cart...
Waiting for cart slider to appear...
Cart slider appeared (found: .MuiDrawer-root)
✓ Clicked Add to Cart on first product
.Clicking "View Cart" button in slider...
Slider visible: true
Selector ".MuiDrawer-root a:has-text("View Cart")" found 1 elements
✓ Clicked "View Cart" with: .MuiDrawer-root a:has-text("View Cart")
.Verifying on Cart page...
✓ On Cart page
.Clicking on quantity to open slider...
✓ Clicked quantity with selector: button:has-text("Tons")
.Checking if quantity selector slider opened...
✓ Quantity selector found with: text="Select Quantity"
✓ Quantity selector slider opened
.Clicking on "10 Tons" preset option...
Screenshot logged
F---...Logging in as registered user...
✓ Logged in as registered user
.Clearing all items from cart...
Clicking Remove for item 1...
✓ Confirmed removal for item 1
No more items to remove
✓ Cart cleared
.Navigating to PLP...
✓ On Product Listing Page
.Setting delivery address: 1119 Co Rd 130, Riceville, TN
⭐⭐⭐ STARTING addAddressLocation method ⭐⭐⭐
Address search query: 1119 Co Rd 130, Riceville, TN
1. Looking for delivery dialog trigger...
✓ Add Address button visible, clicking...
2. Entering address in location field...
✓ Typed address: 1119 Co Rd 130, Riceville, TN
3. Waiting for autocomplete suggestions...
No autocomplete dropdown visible, pressing Enter and waiting...
4. Clicking Confirm button...
✓ Confirm button clicked
5. Waiting for dialog to close and prices to load...
✓ Dialog closed
✓ COMPLETED addAddressLocation
✓ Delivery address set
.Hovering over cart icon on first product tile...
✓ Hovering over cart icon
.Clicking Add to Cart on first product tile...
Found Add to Cart button with: button:has-text("Add to Cart")
Waiting for page to process Add to Cart...
Waiting for cart slider to appear...
Cart slider appeared (found: .MuiDrawer-root)
✓ Clicked Add to Cart on first product
.Clicking close button on slider...
✓ Clicked close button (MuiIconButton with aria-label="close")
✓ Slider closed
.Hovering over cart icon on second product tile...
✓ Hovering over cart icon on second tile
.Clicking Add to Cart on second product tile...
Waiting for page to process Add to Cart...
Waiting for cart slider to appear...
Cart slider appeared (found: .MuiDrawer-root)
✓ Clicked Add to Cart on second product
.Clicking "View Cart" button in slider...
Slider visible: true
Selector ".MuiDrawer-root a:has-text("View Cart")" found 1 elements
✓ Clicked "View Cart" with: .MuiDrawer-root a:has-text("View Cart")
.Verifying on Cart page...
✓ On Cart page
.Verifying 2 products in cart...
✓ Found 2 products in cart
.Verifying Subtotal is sum of all product prices...
All product prices found: ["$698.50","$709.50"]
Individual prices: [698.5,709.5]
Expected Subtotal (sum): $1408.00
Found Subtotal (Strategy 2 - container): $1,408.00
Final Subtotal text: $1,408.00
Actual Subtotal value: $1408.00
Subtotal comparison: Expected=$1408.00, Actual=$1408.00, Difference=$0.00
✓ Subtotal is correct
✓ Subtotal validation checked
.Verifying Estimated Total includes Subtotal plus charges...
✓ Estimated Total validation checked
.Success screenshot logged
.

Failures:

1) Scenario: Edit quantity in cart via quantity slider and verify price update # Ecomm/features/add-to-cart.feature:356
   ✔ Before # Ecomm/features/step_definitions/searchSteps.js:14
   ✔ Before # Ecomm/features/support/hooks.js:6
   ✔ Given I am logged in as a registered user # Ecomm/features/step_definitions/addToCartSteps.js:231
   ✔ And I clear all items from the cart # Ecomm/features/step_definitions/addToCartSteps.js:250
   ✔ And I navigate to the Product Listing Page # Ecomm/features/step_definitions/addToCartSteps.js:301
   ✔ And I set delivery address using primary zipcode # Ecomm/features/step_definitions/addToCartSteps.js:196
   ✔ When I hover over the cart icon on the first product tile # Ecomm/features/step_definitions/addToCartSteps.js:348
   ✔ And I click Add to Cart on the first product tile # Ecomm/features/step_definitions/addToCartSteps.js:383
   ✔ And I click "View Cart" button in the slider # Ecomm/features/step_definitions/addToCartSteps.js:781
   ✔ Then I should be on the Cart page # Ecomm/features/step_definitions/addToCartSteps.js:943
   ✔ And I should see the Order Summary section # Ecomm/features/step_definitions/addToCartSteps.js:1499
   ✔ And I should see the Subtotal in Order Summary # Ecomm/features/step_definitions/addToCartSteps.js:1536
   ✔ And I should see the Estimated Total in Order Summary # Ecomm/features/step_definitions/addToCartSteps.js:1576
   ✔ When I click on the quantity for the first product # Ecomm/features/step_definitions/addToCartSteps.js:1632
   ✔ Then the quantity selector slider should open # Ecomm/features/step_definitions/addToCartSteps.js:1664
   ✔ And I should see preset quantity options "0 Tons" "5 Tons" "10 Tons" "100 Tons" # Ecomm/features/step_definitions/addToCartSteps.js:1700
   ✖ And I should see "Enter Custom Quantity" field # Ecomm/features/step_definitions/addToCartSteps.js:1714
       Attachment (image/png)
       Error: expect(received).toBe(expected) // Object.is equality

       Expected: true
       Received: false
           at Proxy.<anonymous> (/Users/vivpanka/Documents/Vulcan/Automation/vulcan_ecomm_storefront_automation/node_modules/playwright/lib/matchers/expect.js:221:24)
           at World.<anonymous> (/Users/vivpanka/Documents/Vulcan/Automation/vulcan_ecomm_storefront_automation/Ecomm/features/step_definitions/addToCartSteps.js:1718:23)
   - When I enter "50" in the custom quantity field # Ecomm/features/step_definitions/addToCartSteps.js:1722
   - And I click Save button in the quantity slider # Ecomm/features/step_definitions/addToCartSteps.js:1738
   - Then the quantity should be updated to "50 Tons" # Ecomm/features/step_definitions/addToCartSteps.js:1331
   - And the Subtotal should be recalculated # Ecomm/features/step_definitions/addToCartSteps.js:1746
   - And the Estimated Total should be recalculated # Ecomm/features/step_definitions/addToCartSteps.js:1754
   ✔ After # Ecomm/features/support/hooks.js:48

2) Scenario: Edit quantity using preset options in cart # Ecomm/features/add-to-cart.feature:379
   ✔ Before # Ecomm/features/step_definitions/searchSteps.js:14
   ✔ Before # Ecomm/features/support/hooks.js:6
   ✔ Given I am logged in as a registered user # Ecomm/features/step_definitions/addToCartSteps.js:231
   ✔ And I clear all items from the cart # Ecomm/features/step_definitions/addToCartSteps.js:250
   ✔ And I navigate to the Product Listing Page # Ecomm/features/step_definitions/addToCartSteps.js:301
   ✔ And I set delivery address using primary zipcode # Ecomm/features/step_definitions/addToCartSteps.js:196
   ✔ When I hover over the cart icon on the first product tile # Ecomm/features/step_definitions/addToCartSteps.js:348
   ✔ And I click Add to Cart on the first product tile # Ecomm/features/step_definitions/addToCartSteps.js:383
   ✔ And I click "View Cart" button in the slider # Ecomm/features/step_definitions/addToCartSteps.js:781
   ✔ Then I should be on the Cart page # Ecomm/features/step_definitions/addToCartSteps.js:943
   ✔ When I click on the quantity for the first product # Ecomm/features/step_definitions/addToCartSteps.js:1632
   ✔ Then the quantity selector slider should open # Ecomm/features/step_definitions/addToCartSteps.js:1664
   ✖ When I click on "10 Tons" preset option # Ecomm/features/step_definitions/addToCartSteps.js:1730
       Attachment (image/png)
       locator.click: Timeout 30000ms exceeded.
       Call log:
       [2m  - waiting for locator('text="10 Tons", button:has-text("10 Tons")').first()[22m

           at World.<anonymous> (/Users/vivpanka/Documents/Vulcan/Automation/vulcan_ecomm_storefront_automation/Ecomm/features/step_definitions/addToCartSteps.js:1733:21)
   - And I click Save button in the quantity slider # Ecomm/features/step_definitions/addToCartSteps.js:1738
   - Then the quantity should be updated to "10 Tons" # Ecomm/features/step_definitions/addToCartSteps.js:1331
   - And the Estimated Total should be recalculated # Ecomm/features/step_definitions/addToCartSteps.js:1754
   ✔ After # Ecomm/features/support/hooks.js:48

3 scenarios (2 failed, 1 passed)
48 steps (2 failed, 8 skipped, 38 passed)
2m46.986s (executing steps: 2m46.934s)
